
  ___  ____  ____  ____  ____ (R)
 /__    /   ____/   /   ____/
___/   /   /___/   /   /___/   16.1   Copyright 1985-2019 StataCorp LLC
  Statistics/Data analysis            StataCorp
                                      4905 Lakeway Drive
     Special Edition                  College Station, Texas 77845 USA
                                      800-STATA-PC        https://www.stata.com
                                      979-696-4600        stata@stata.com
                                      979-696-4601 (fax)

Stata license: Unlimited-user network, expiring 15 Apr 2022
Serial number: 401609206143
  Licensed to: Miika Päällysaho
               

Notes:
      1. Stata is running in batch mode.
      2. Unicode is supported; see help unicode_advice.
      3. Maximum number of variables is set to 5,000; see help set_maxvar.

. do "source/descriptive/illustrate_research_design.do" 

. clear all

. set more off

. set gr off

. version
version 16.1

. 
. clear

. use input/qob1.dta

. 
. gen yob1=1900+yob+(qob-1)/4

. 
. * Mean years of education by YOB and QOB
. preserve

.   gcollapse (mean) educ qob, by(yob1)

.   twoway  connected educ yob1 ///
>     , mlabel(qob) ytitle("Years of Completed Education")  ///
>     xtitle("Year of birth") graphregion(color(white))     ///
>     ylabel(, angle(horizontal))

.   graph export "build/descriptive/education_by_yob_qob.eps", replace
(note: file build/descriptive/education_by_yob_qob.eps not found)
(file build/descriptive/education_by_yob_qob.eps written in EPS format)

.   graph export "build/descriptive/education_by_yob_qob.ong", replace
output-file suffix "ong" not recognized
    specify correct suffix or specify as() option
r(198);

end of do-file
r(198);
